[2m[36m14:28:46[0m    [2m│[0m   Registry: skipped 2 combos (delisted pairs)
[2m[36m14:28:46[0m    [2m│[0m   DNA Profiler: loaded 177 records
[2m[36m14:28:46[0m    [2m│[0m   DNA Profiler: 30 proven edges loaded
[2m[36m14:28:46[0m    [2m│[0m 
[96m══════════════════════════════════════════════════════════[0m
[2m[36m14:28:46[0m    [2m│[0m   🛫 [1m[97mPREFLIGHT CHECK[0m
[2m[36m14:28:46[0m    [2m│[0m [96m══════════════════════════════════════════════════════════[0m
[2m[36m14:28:46[0m    [2m│[0m   [92m✅ PASS[0m  [1mimports        [0m [2m15 modules OK[0m
[2m[36m14:28:46[0m    [2m│[0m   [92m✅ PASS[0m  [1mconfig         [0m [2mAll config params valid[0m
[2m[36m14:28:46[0m    [2m│[0m   [92m✅ PASS[0m  [1mapi_keys       [0m [2mKey: AjbKwn...nyta[0m
[2m[36m14:28:46[0m    [2m│[0m   [92m✅ PASS[0m  [1mcombos         [0m [2m40 combos, 31 pairs, 3 TFs[0m
[2m[36m14:28:46[0m    [2m│[0m   [92m✅ PASS[0m  [1mstrategies     [0m [2m12 strategies OK[0m
[2m[36m14:28:46[0m    [2m│[0m   [92m✅ PASS[0m  [1mstate          [0m [2mEquity: $485.35, trades: 218[0m
[2m[36m14:28:46[0m    [2m│[0m   [92m✅ PASS[0m  [1mdisk           [0m [2m268658MB free[0m
[2m[36m14:28:46[0m    [2m│[0m   [92m✅ PASS[0m  [1mlog_dir        [0m [2mC:\Users\Azuri\Desktop\anewBot\v13pro\logs[0m
[2m[36m14:28:46[0m    [2m│[0m   [2m──────────────────────────────────────────────────────[0m
[2m[36m14:28:46[0m    [2m│[0m   [92m🟢 ALL 8 CHECKS PASSED[0m [2m(0 warnings)[0m
[2m[36m14:28:46[0m    [2m│[0m [96m══════════════════════════════════════════════════════════[0m

[2m[36m14:28:46[0m    [2m│[0m 
[96m══════════════════════════════════════════════════════════[0m
[2m[36m14:28:46[0m    [2m│[0m   🤖 [1m[97mv13pro FCB Bot[0m    [91m[1m🔴 LIVE TRADING[0m
[2m[36m14:28:46[0m    [2m│[0m [96m══════════════════════════════════════════════════════════[0m
[2m[36m14:28:46[0m    [2m│[0m   [1m📦 PORTFOLIO[0m
[2m[36m14:28:46[0m    [2m│[0m      Combos     [92m38[0m              Pairs  [92m28[0m
[2m[36m14:28:46[0m    [2m│[0m      Timeframes [92m['15m', '1h', '30m'][0m
[2m[36m14:28:46[0m    [2m│[0m   [2m──────────────────────────────────────────────────────[0m
[2m[36m14:28:46[0m    [2m│[0m   [1m⚙️  EXECUTION[0m
[2m[36m14:28:46[0m    [2m│[0m      Maker TP   [92mON[0m
[2m[36m14:28:46[0m    [2m│[0m      Maker Entry[92m ON[0m
[2m[36m14:28:46[0m    [2m│[0m      Skill min  [93m75[0m
[2m[36m14:28:46[0m    [2m│[0m      Risk       [93m2.0%[0m   Lev  [93m8x[0m   MaxPos  [93m7[0m
[2m[36m14:28:46[0m    [2m│[0m [96m══════════════════════════════════════════════════════════[0m

[2m[36m14:28:49[0m    [2m│[0m Connected to Bybit (MAINNET) — 3540 markets loaded [async]
[2m[36m14:28:49[0m    [2m│[0m Equity: $485.35 | Peak: $567.28
[2m[36m14:28:52[0m    [2m│[0m   📡 WSData: starting 32 subscriptions across 3 TFs
[2m[36m14:29:01[0m    [2m│[0m   📡 WSData: pre-fetched 32 buffers (220 bars each)
[2m[36m14:29:01[0m    [2m│[0m   📡 WSData: 4 stream tasks launched
[2m[36m14:29:01[0m    [2m│[0m Guardian started (async)
[2m[36m14:29:01[0m    [2m│[0m   ♻️ Recovered LONG FARTCOIN/USDT:USDT entry=0.170010 sl=0.167920 risk=$2.63 [TR_PULL/trl_tight]
[2m[36m14:29:01[0m    [2m│[0m Position recovery: 1 position(s) re-adopted
[2m[36m14:29:01[0m    [2m│[0m Hunter started (async)
[2m[36m14:29:01[0m    [2m│[0m Aftermath tracker started
[2m[36m14:29:02[0m    [2m│[0m Sentiment gauge ready: BULL (BTC→ ETH↑ SOL↑) score=+0.379
[2m[36m14:29:02[0m    [2m│[0m Order flow intel ready
[2m[36m14:29:02[0m    [2m│[0m Shadow trader started (passive mode — no real orders)
[2m[36m14:29:02[0m    [2m│[0m SignalQuality: loaded 4787 outcomes, 21 strategy/tf combos, global WR=44.6%
[2m[36m14:29:02[0m    [2m│[0m Signal quality engine ready: 21 combos, 4787 outcomes, global WR=44.6%
[2m[36m14:29:02[0m    [2m│[0m Adaptive: restored 9 smoothed params from disk
[2m[36m14:29:02[0m    [2m│[0m Adaptive: loaded 4787 shadow outcomes, computing parameters from data
[2m[36m14:29:02[0m    [2m│[0m Adaptive (4787 outcomes, 1 refreshes):
[2m[36m14:29:02[0m    [2m│[0m   OF: block=0.30 (cfg=0.3) boost=+2 (cfg=8) penalty=-1 (cfg=3)
[2m[36m14:29:02[0m    [2m│[0m   KL: min_score=5.0 (cfg=5)
[2m[36m14:29:02[0m    [2m│[0m   DNA: cap=2 (cfg=6)
[2m[36m14:29:02[0m    [2m│[0m   Grade A+: mult=1.09x (cfg=1.50x) *** 
[2m[36m14:29:02[0m    [2m│[0m   Grade A: mult=0.93x (cfg=1.15x) *** 
[2m[36m14:29:02[0m    [2m│[0m   Grade B: mult=0.94x (cfg=1.00x) *** 
[2m[36m14:29:02[0m    [2m│[0m   Grade C: mult=1.69x (cfg=0.75x) *** 
[2m[36m14:29:02[0m    [2m│[0m   Grade D: mult=0.50x (cfg=0.50x)
[2m[36m14:29:02[0m    [2m│[0m   Cooldowns: fastest=[XAUT=10m, AAVE=12m, RIVER=13m] slowest=[BNB=120m, ZEC=120m, TAO=120m] (cfg default=30m)
[2m[36m14:29:02[0m    [2m│[0m   TP_R: top=[BB_BREAK/15m=2.3R, BB_FADE/15m=2.0R, DONCHIAN/15m=1.6R, IB_BREAK/15m=1.2R, EMA_RIB/15m=1.2R] (cfg default=2.75R)
[2m[36m14:29:02[0m    [2m│[0m Thesis: loaded 189 pair/strategy combos (790 total outcomes)
[2m[36m14:29:02[0m    [2m│[0m Regime: restored state from disk (COOL 0.70x)
[2m[36m14:29:03[0m    [2m│[0m Regime: loaded 2762 long outcomes, regime=COOL mult=0.70x
[2m[36m14:29:03[0m    [2m│[0m Regime: COOL (global=0.70x, short_wr=35.0%, med_wr=38.0%, N=300)
[2m[36m14:29:03[0m    [2m│[0m   Session london: 1.05x
[2m[36m14:29:03[0m    [2m│[0m   Session asia: 0.76x *** 
[2m[36m14:29:03[0m    [2m│[0m   Session ny: 1.40x *** 
[2m[36m14:29:03[0m    [2m│[0m DirectionalIntel: restored smoothed state from disk
[2m[36m14:29:03[0m    [2m│[0m DirectionalIntel: loaded 1113 outcomes across 14 buckets
[2m[36m14:29:03[0m    [2m│[0m DirectionalIntel: 1113 outcomes, 14 buckets
[2m[36m14:29:03[0m    [2m│[0m   BULL:  LONG ✗ WR=33% ExpR=-0.128 N=209  SHORT ✓ WR=51% ExpR=+0.066 N=200  → best=short  preferred_tfs=['1h']
[2m[36m14:29:03[0m    [2m│[0m   BEAR:  LONG ✓ WR=73% ExpR=+0.590 N=200  SHORT ✗ WR=15% ExpR=-0.651 N=200  → best=long
[2m[36m14:29:03[0m    [2m│[0m   NEUTRAL:  LONG ✓ WR=70% ExpR=+0.624 N=153  SHORT ✗ WR=18% ExpR=-0.634 N=151  → best=long  preferred_tfs=['15m']
[2m[36m14:29:03[0m    [2m│[0m DirectionalIntel: 1113 outcomes, 14 buckets
[2m[36m14:29:03[0m    [2m│[0m   BULL:  LONG ✗ WR=33% ExpR=-0.128 N=209  SHORT ✓ WR=51% ExpR=+0.066 N=200  → best=short  preferred_tfs=['1h']
[2m[36m14:29:03[0m    [2m│[0m   BEAR:  LONG ✓ WR=73% ExpR=+0.590 N=200  SHORT ✗ WR=15% ExpR=-0.651 N=200  → best=long
[2m[36m14:29:03[0m    [2m│[0m   NEUTRAL:  LONG ✓ WR=70% ExpR=+0.624 N=153  SHORT ✗ WR=18% ExpR=-0.634 N=151  → best=long  preferred_tfs=['15m']
[2m[36m14:29:03[0m    [2m│[0m EdgeRadar: loaded 4787 shadow outcomes
[2m[36m14:29:03[0m    [2m│[0m EdgeRadar: market=COLD (avg_peak=0.55R, runners=0%) | hot_seat=no (1/3) | HOT combos=['BB_FADE/15m', 'BB_BREAK/15m', 'DONCHIAN/15m', 'BB_BREAK/1h', 'DONCHIAN/1h', 'IB_BREAK/15m', 'MOM_SURGE/30m'] | COLD combos=['TR_PULL/15m', 'EMA_RIB/1h', 'EMA_RIB/15m', 'RSI_FADE/1h', 'PIN_BAR/1h', 'BB_FADE/1h', 'IB_BREAK/1h', 'ENGULF/1h'] | total_outcomes=4787
[2m[36m14:29:03[0m    [2m│[0m   EdgeRadar combo HOT    MOM_SURGE/30m        WR=70% ExpR=+0.639 peak=1.24R N=10
[2m[36m14:29:03[0m    [2m│[0m   EdgeRadar combo HOT    BB_BREAK/15m         WR=67% ExpR=+0.562 peak=1.81R N=60
[2m[36m14:29:03[0m    [2m│[0m   EdgeRadar combo HOT    BB_BREAK/1h          WR=83% ExpR=+0.446 peak=0.75R N=60
[2m[36m14:29:03[0m    [2m│[0m   EdgeRadar combo HOT    DONCHIAN/1h          WR=70% ExpR=+0.391 peak=0.75R N=60
[2m[36m14:29:03[0m    [2m│[0m   EdgeRadar combo WARM   ENGULF/15m           WR=56% ExpR=+0.388 peak=2.31R N=23
[2m[36m14:29:03[0m    [2m│[0m   EdgeRadar combo HOT    BB_FADE/15m          WR=65% ExpR=+0.366 peak=1.23R N=60
[2m[36m14:29:03[0m    [2m│[0m   EdgeRadar combo HOT    IB_BREAK/15m         WR=67% ExpR=+0.364 peak=0.97R N=60
[2m[36m14:29:03[0m    [2m│[0m   EdgeRadar combo HOT    DONCHIAN/15m         WR=63% ExpR=+0.278 peak=0.98R N=60
[2m[36m14:29:03[0m    [2m│[0m   EdgeRadar combo WARM   RSI_FADE/15m         WR=50% ExpR=+0.181 peak=1.16R N=60
[2m[36m14:29:03[0m    [2m│[0m   EdgeRadar combo WARM   TR_PULL/1h           WR=47% ExpR=+0.059 peak=0.48R N=60
[2m[36m14:29:03[0m    [2m│[0m   EdgeRadar combo WARM   MTF_RSI/1h           WR=45% ExpR=+0.051 peak=0.55R N=60
[2m[36m14:29:03[0m    [2m│[0m   EdgeRadar combo WARM   MTF_RSI/15m          WR=45% ExpR=-0.056 peak=0.67R N=60
[2m[36m14:29:03[0m    [2m│[0m   EdgeRadar combo WARM   PIN_BAR/15m          WR=48% ExpR=-0.077 peak=0.93R N=52
[2m[36m14:29:03[0m    [2m│[0m   EdgeRadar combo COLD   RSI_FADE/1h          WR=35% ExpR=-0.155 peak=0.47R N=60
[2m[36m14:29:03[0m    [2m│[0m   EdgeRadar combo COLD   PIN_BAR/1h           WR=42% ExpR=-0.158 peak=0.36R N=33
[2m[36m14:29:03[0m    [2m│[0m   EdgeRadar combo COLD   EMA_RIB/1h           WR=28% ExpR=-0.166 peak=0.37R N=60
[2m[36m14:29:03[0m    [2m│[0m   EdgeRadar combo COLD   IB_BREAK/1h          WR=41% ExpR=-0.187 peak=0.27R N=39
[2m[36m14:29:03[0m    [2m│[0m   EdgeRadar combo COLD   BB_FADE/1h           WR=30% ExpR=-0.297 peak=0.49R N=60
[2m[36m14:29:03[0m    [2m│[0m   EdgeRadar combo FROZEN TR_PULL/15m          WR=17% ExpR=-0.389 peak=0.53R N=60
[2m[36m14:29:03[0m    [2m│[0m   EdgeRadar combo COLD   EMA_RIB/15m          WR=25% ExpR=-0.416 peak=0.57R N=60
[2m[36m14:29:03[0m    [2m│[0m   EdgeRadar combo COLD   ENGULF/1h            WR=15% ExpR=-0.578 peak=0.30R N=13
[2m[36m14:29:04[0m    [2m│[0m Lifecycle tracker: 32 pairs scored, 3 expanding, 5 degrading
[2m[36m14:29:04[0m    [2m│[0m Cross-sectional awareness: risk_mult=1.00x, entries_1h=0, losses_1h=0
[2m[36m14:29:04[0m    [2m│[0m Calibrator: health=0.85 stationarity=0.46 edge_trend=+0.132 risk_mult=0.91x conv_corr=-0.05
[2m[36m14:29:04[0m    [2m│[0m   Grade adjustments: A+=1.18 A=0.86 B=0.87 C=1.30 D=1.00
[2m[36m14:29:04[0m    [2m│[0m Burst engine: BCS=0.498 [NORMAL] shadow=✗ risk=1.00x lev=1.00x tp=1.00x
[2m[36m14:29:04[0m    [2m│[0m   Top ECS: TR_PULL/1h(0.86), BB_FADE/1h(0.81), BB_BREAK/1h(0.79)
[2m[36m14:29:04[0m    [2m│[0m Burst optimizer: 2 runs, score=160.624, γ=1.25, burst_thr=0.60
[2m[36m14:29:04[0m    [2m│[0m Combo promoter ready: 18 live combos, review every 3600s
[2m[36m14:29:04[0m    [2m│[0m Watchdog started
[2m[36m14:29:04[0m    [2m│[0m Warming up WS buffers...
[2m[36m14:29:04[0m    [2m│[0m   WS warmup complete: 32 buffers ready
[2m[36m14:29:04[0m    [2m│[0m Bot ready — entering main loop
[MAIN LOOP] entered
[2m[36m14:29:04[0m    [2m│[0m [MAIN LOOP] entered
[2m[36m14:29:04[0m    [2m│[0m Combo promoter started — reviewing every 3600s
[HEARTBEAT] task started
[2m[36m14:29:04[0m    [2m│[0m [HEARTBEAT] task started
[HEARTBEAT] firing at 01:29:14
[HB] start
[HB] basics done 0.00s
[HB] adaptive 0.00s
[HB] regime 0.00s
[HB] lifecycle 0.00s
[HB] calibrator 0.00s
[HB] directional 0.00s
[HB] edge_radar 0.00s
[HB] burst 0.00s
[HB] burst_optim 0.00s
[HB] pre-dashboard 0.00s
