2026-02-21 12:17:04 | OK      | Log scanner started
2026-02-21 12:17:04 | RESTART | Starting bot process (restart #0)...
2026-02-21 12:17:04 | OK      | Bot started (PID 7776)
2026-02-21 12:17:07 | ERROR   | Bot process exited (code=1, ran 3s)
2026-02-21 12:17:07 | GUARD   | Checking for open positions...
2026-02-21 12:17:13 | RESTART | Waiting 30s before restart (crash #1)...
2026-02-21 12:17:43 | RESTART | Starting bot process (restart #1)...
2026-02-21 12:17:43 | OK      | Bot started (PID 9516)
2026-02-21 12:17:46 | ERROR   | Bot process exited (code=1, ran 3s)
2026-02-21 12:17:46 | GUARD   | Checking for open positions...
2026-02-21 12:17:54 | RESTART | Waiting 60s before restart (crash #2)...
2026-02-21 12:19:03 | OK      | Log scanner started
2026-02-21 12:19:03 | RESTART | Starting bot process (restart #0)...
2026-02-21 12:19:03 | OK      | Bot started (PID 8884)
2026-02-21 12:26:51 | OK      | Log scanner started
2026-02-21 12:26:51 | RESTART | Starting bot process (restart #0)...
2026-02-21 12:26:51 | OK      | Bot started (PID 11492)
2026-02-21 12:31:12 | OK      | Log scanner started
2026-02-21 12:31:12 | RESTART | Starting bot process (restart #0)...
2026-02-21 12:31:12 | OK      | Bot started (PID 18140)
2026-02-21 12:36:03 | ERROR   | [UNKNOWN] 2026-02-21 23:36:02,622 | ERROR | ❌ API place_market_order [91mFAILED[0m [EXCHANGE] (150ms): bybit {"retCode":110007,"
2026-02-21 12:41:05 | ERROR   | [UNKNOWN] 2026-02-21 23:41:04,680 | ERROR | ❌ API place_market_order [91mFAILED[0m [EXCHANGE] (155ms): bybit {"retCode":110007,"
2026-02-21 12:44:36 | OK      | Log scanner started
2026-02-21 12:44:36 | RESTART | Starting bot process (restart #0)...
2026-02-21 12:44:36 | OK      | Bot started (PID 14200)
2026-02-21 12:50:56 | OK      | Log scanner started
2026-02-21 12:50:56 | RESTART | Starting bot process (restart #0)...
2026-02-21 12:50:56 | OK      | Bot started (PID 16592)
2026-02-21 21:43:00 | OK      | Log scanner started
2026-02-21 21:43:00 | RESTART | Starting bot process (restart #0)...
2026-02-21 21:43:00 | OK      | Bot started (PID 14608)
2026-02-21 22:10:37 | OK      | Log scanner started
2026-02-21 22:10:37 | RESTART | Starting bot process (restart #0)...
2026-02-21 22:10:37 | OK      | Bot started (PID 17052)
2026-02-21 22:24:45 | OK      | Log scanner started
2026-02-21 22:24:45 | RESTART | Starting bot process (restart #0)...
2026-02-21 22:24:45 | OK      | Bot started (PID 2480)
2026-02-21 22:38:05 | OK      | Log scanner started
2026-02-21 22:38:05 | RESTART | Starting bot process (restart #0)...
2026-02-21 22:38:05 | OK      | Bot started (PID 11280)
2026-02-21 22:57:41 | OK      | Log scanner started
2026-02-21 22:57:41 | RESTART | Starting bot process (restart #0)...
2026-02-21 22:57:41 | OK      | Bot started (PID 21356)
2026-02-21 23:10:53 | OK      | Log scanner started
2026-02-21 23:10:53 | RESTART | Starting bot process (restart #0)...
2026-02-21 23:10:53 | OK      | Bot started (PID 18712)
2026-02-21 23:33:13 | OK      | Log scanner started
2026-02-21 23:33:13 | RESTART | Starting bot process (restart #0)...
2026-02-21 23:33:13 | OK      | Bot started (PID 7708)
2026-02-21 23:47:20 | OK      | Log scanner started
2026-02-21 23:47:20 | RESTART | Starting bot process (restart #0)...
2026-02-21 23:47:20 | OK      | Bot started (PID 8884)
2026-02-21 23:49:11 | OK      | Log scanner started
2026-02-21 23:49:11 | RESTART | Starting bot process (restart #0)...
2026-02-21 23:49:11 | OK      | Bot started (PID 15200)
2026-02-21 23:50:14 | INFO    | Signal 2 received -- shutting down gracefully
2026-02-21 23:50:14 | INFO    | Sending terminate to bot process...
2026-02-21 23:50:14 | ERROR   | Bot process exited (code=1, ran 63s)
2026-02-21 23:50:14 | GUARD   | Checking for open positions...
2026-02-21 23:50:20 | RESTART | Waiting 30s before restart (crash #1)...
2026-02-21 23:50:20 | INFO    | Supervisor stopped. Uptime: 0.0h, Restarts: 1
2026-02-21 23:51:11 | OK      | Log scanner started
2026-02-21 23:51:11 | RESTART | Starting bot process (restart #0)...
2026-02-21 23:51:11 | OK      | Bot started (PID 11928)
2026-02-21 23:52:50 | INFO    | Signal 2 received -- shutting down gracefully
2026-02-21 23:52:50 | INFO    | Sending terminate to bot process...
2026-02-21 23:52:50 | ERROR   | Bot process exited (code=1, ran 99s)
2026-02-21 23:52:50 | GUARD   | Checking for open positions...
2026-02-21 23:52:56 | RESTART | Waiting 30s before restart (crash #1)...
2026-02-21 23:52:56 | INFO    | Supervisor stopped. Uptime: 0.0h, Restarts: 1
2026-02-21 23:53:17 | OK      | Log scanner started
2026-02-21 23:53:17 | RESTART | Starting bot process (restart #0)...
2026-02-21 23:53:17 | OK      | Bot started (PID 20192)
2026-02-21 23:56:20 | INFO    | Signal 2 received -- shutting down gracefully
2026-02-21 23:56:20 | INFO    | Sending terminate to bot process...
2026-02-21 23:56:23 | ERROR   | Bot process exited (code=1, ran 186s)
2026-02-21 23:56:23 | GUARD   | Checking for open positions...
2026-02-21 23:56:26 | INFO    | Signal 2 received -- shutting down gracefully
2026-02-21 23:56:28 | RESTART | Waiting 10s before restart (crash #0)...
2026-02-21 23:56:28 | INFO    | Supervisor stopped. Uptime: 0.1h, Restarts: 1
2026-02-21 23:56:55 | OK      | Log scanner started
2026-02-21 23:56:55 | RESTART | Starting bot process (restart #0)...
2026-02-21 23:56:55 | OK      | Bot started (PID 20816)
2026-02-22 00:06:55 | WARN    | ⏰ Bot heartbeat stale (600s) — may be frozen
2026-02-22 00:07:56 | WARN    | ⏰ Bot heartbeat stale (660s) — may be frozen
2026-02-22 00:08:56 | WARN    | ⏰ Bot heartbeat stale (720s) — may be frozen
2026-02-22 00:09:56 | WARN    | ⏰ Bot heartbeat stale (780s) — may be frozen
2026-02-22 00:10:56 | WARN    | ⏰ Bot heartbeat stale (840s) — may be frozen
2026-02-22 00:11:56 | WARN    | ⏰ Bot heartbeat stale (900s) — may be frozen
2026-02-22 00:12:56 | WARN    | ⏰ Bot heartbeat stale (960s) — may be frozen
2026-02-22 00:13:56 | WARN    | ⏰ Bot heartbeat stale (1020s) — may be frozen
2026-02-22 00:14:56 | WARN    | ⏰ Bot heartbeat stale (1080s) — may be frozen
2026-02-22 00:15:56 | WARN    | ⏰ Bot heartbeat stale (1140s) — may be frozen
2026-02-22 00:16:56 | WARN    | ⏰ Bot heartbeat stale (1200s) — may be frozen
2026-02-22 00:16:56 | ERROR   | 💀 Bot appears frozen — force restarting
2026-02-22 00:16:56 | INFO    | Sending terminate to bot process...
2026-02-22 00:16:56 | ERROR   | Bot process exited (code=1, ran 1200s)
2026-02-22 00:16:56 | GUARD   | Checking for open positions...
2026-02-22 00:17:02 | GUARD   | ⚠️  3 position(s) open on exchange — exchange SL/TP are set, safe to restart
2026-02-22 00:17:02 | RESTART | Waiting 10s before restart (crash #0)...
2026-02-22 00:17:12 | RESTART | Starting bot process (restart #1)...
2026-02-22 00:17:12 | OK      | Bot started (PID 9052)
2026-02-22 00:53:57 | ERROR   | [UNKNOWN] 2026-02-22 11:53:57,339 | ERROR | set_trading_stop HMSTR/USDT:USDT: bybit {"retCode":34040,"retMsg":"not modified","resu
2026-02-22 00:54:15 | OK      | Log scanner started
2026-02-22 00:54:15 | RESTART | Starting bot process (restart #0)...
2026-02-22 00:54:15 | OK      | Bot started (PID 19176)
2026-02-22 01:24:33 | ERROR   | [UNKNOWN] 2026-02-22 12:24:33,315 | ERROR | set_trading_stop C98/USDT:USDT: bybit {"retCode":10001,"retMsg":"StopLoss:2630200 set 
2026-02-22 02:41:24 | ERROR   | [UNKNOWN] 2026-02-22 13:41:24,036 | ERROR | set_trading_stop CLO/USDT:USDT: bybit {"retCode":10001,"retMsg":"StopLoss:8672000 set 
2026-02-22 02:56:13 | ERROR   | [UNKNOWN] 2026-02-22 13:56:12,749 | ERROR | set_trading_stop ENSO/USDT:USDT: bybit {"retCode":10001,"retMsg":"StopLoss:193300000 s
2026-02-22 04:06:29 | OK      | Log scanner started
2026-02-22 04:06:29 | RESTART | Starting bot process (restart #0)...
2026-02-22 04:06:29 | OK      | Bot started (PID 14420)
2026-02-22 04:07:44 | OK      | Log scanner started
2026-02-22 04:07:44 | RESTART | Starting bot process (restart #0)...
2026-02-22 04:07:44 | OK      | Bot started (PID 13384)
2026-02-22 04:10:34 | ERROR   | [UNKNOWN] 2026-02-22 15:10:34,540 | ERROR | ❌ API place_market_order [91mFAILED[0m [EXCHANGE] (147ms): bybit {"retCode":110007,"
2026-02-22 04:10:39 | ERROR   | [UNKNOWN] 2026-02-22 15:10:35,747 | ERROR | ❌ API place_market_order [91mFAILED[0m [EXCHANGE] (169ms): bybit {"retCode":110007,"
2026-02-22 04:17:44 | WARN    | ⏰ Bot heartbeat stale (600s) — may be frozen
2026-02-22 04:17:57 | OK      | Log scanner started
2026-02-22 04:17:57 | RESTART | Starting bot process (restart #0)...
2026-02-22 04:17:57 | OK      | Bot started (PID 18520)
2026-02-22 04:20:55 | ERROR   | [UNKNOWN] 2026-02-22 15:20:54,565 | ERROR | set_trading_stop AERO/USDT:USDT: bybit {"retCode":34040,"retMsg":"not modified","resul
2026-02-22 04:21:10 | ERROR   | [UNKNOWN] 2026-02-22 15:21:09,885 | ERROR | set_trading_stop AERO/USDT:USDT: bybit {"retCode":34040,"retMsg":"not modified","resul
2026-02-22 04:21:25 | ERROR   | [UNKNOWN] 2026-02-22 15:21:25,210 | ERROR | set_trading_stop AERO/USDT:USDT: bybit {"retCode":34040,"retMsg":"not modified","resul
2026-02-22 04:21:41 | ERROR   | [UNKNOWN] 2026-02-22 15:21:40,538 | ERROR | set_trading_stop AERO/USDT:USDT: bybit {"retCode":34040,"retMsg":"not modified","resul
2026-02-22 04:21:56 | ERROR   | [UNKNOWN] 2026-02-22 15:21:55,840 | ERROR | set_trading_stop AERO/USDT:USDT: bybit {"retCode":34040,"retMsg":"not modified","resul
2026-02-22 04:22:11 | ERROR   | [UNKNOWN] 2026-02-22 15:22:11,125 | ERROR | set_trading_stop AERO/USDT:USDT: bybit {"retCode":34040,"retMsg":"not modified","resul
2026-02-22 04:22:27 | ERROR   | [UNKNOWN] 2026-02-22 15:22:26,439 | ERROR | set_trading_stop AERO/USDT:USDT: bybit {"retCode":34040,"retMsg":"not modified","resul
2026-02-22 04:22:42 | ERROR   | [UNKNOWN] 2026-02-22 15:22:41,721 | ERROR | set_trading_stop AERO/USDT:USDT: bybit {"retCode":34040,"retMsg":"not modified","resul
2026-02-22 04:22:57 | ERROR   | [UNKNOWN] 2026-02-22 15:22:57,013 | ERROR | set_trading_stop AERO/USDT:USDT: bybit {"retCode":34040,"retMsg":"not modified","resul
2026-02-22 04:23:12 | ERROR   | [UNKNOWN] 2026-02-22 15:23:12,320 | ERROR | set_trading_stop AERO/USDT:USDT: bybit {"retCode":34040,"retMsg":"not modified","resul
2026-02-22 04:23:28 | OK      | Log scanner started
2026-02-22 04:23:28 | RESTART | Starting bot process (restart #0)...
2026-02-22 04:23:28 | OK      | Bot started (PID 18804)
2026-02-22 06:02:07 | ERROR   | [UNKNOWN] 2026-02-22 17:02:06,483 | ERROR | set_trading_stop IO/USDT:USDT: bybit {"retCode":10001,"retMsg":"StopLoss:11849000 set 
2026-02-22 10:11:59 | OK      | Log scanner started
2026-02-22 10:11:59 | RESTART | Starting bot process (restart #0)...
2026-02-22 10:11:59 | OK      | Bot started (PID 14272)
2026-02-22 10:13:42 | OK      | Log scanner started
2026-02-22 10:13:42 | RESTART | Starting bot process (restart #0)...
2026-02-22 10:13:42 | OK      | Bot started (PID 15376)
2026-02-22 10:20:02 | ERROR   | [UNKNOWN] 2026-02-22 21:20:02,152 | ERROR | Failed to save state: [WinError 32] The process cannot access the file because it is b
2026-02-22 10:27:54 | OK      | Log scanner started
2026-02-22 10:27:54 | RESTART | Starting bot process (restart #0)...
2026-02-22 10:27:54 | OK      | Bot started (PID 14480)
2026-02-22 10:37:28 | OK      | Log scanner started
2026-02-22 10:37:28 | RESTART | Starting bot process (restart #0)...
2026-02-22 10:37:28 | OK      | Bot started (PID 9408)
2026-02-22 11:16:17 | ERROR   | [UNKNOWN] 2026-02-22 22:16:16,807 | ERROR | ❌ API fetch_latest_candles [91mFAILED[0m [EXCHANGE] (10007ms): bybit GET https://api
2026-02-22 11:23:44 | OK      | Log scanner started
2026-02-22 11:23:44 | RESTART | Starting bot process (restart #0)...
2026-02-22 11:23:44 | OK      | Bot started (PID 13288)
2026-02-22 13:05:30 | OK      | Log scanner started
2026-02-22 13:05:30 | RESTART | Starting bot process (restart #0)...
2026-02-22 13:05:30 | OK      | Bot started (PID 3740)
2026-02-22 13:11:10 | OK      | Log scanner started
2026-02-22 13:11:10 | RESTART | Starting bot process (restart #0)...
2026-02-22 13:11:10 | OK      | Bot started (PID 16508)
2026-02-22 13:36:42 | OK      | Log scanner started
2026-02-22 13:36:42 | RESTART | Starting bot process (restart #0)...
2026-02-22 13:36:42 | OK      | Bot started (PID 20944)
2026-02-22 13:47:47 | OK      | Log scanner started
2026-02-22 13:47:47 | RESTART | Starting bot process (restart #0)...
2026-02-22 13:47:47 | OK      | Bot started (PID 19288)
2026-02-22 13:49:05 | OK      | Log scanner started
2026-02-22 13:49:05 | RESTART | Starting bot process (restart #0)...
2026-02-22 13:49:05 | OK      | Bot started (PID 14736)
2026-02-22 14:29:23 | OK      | Log scanner started
2026-02-22 14:29:23 | RESTART | Starting bot process (restart #0)...
2026-02-22 14:29:23 | OK      | Bot started (PID 17952)
2026-02-22 14:55:17 | OK      | Log scanner started
2026-02-22 14:55:17 | RESTART | Starting bot process (restart #0)...
2026-02-22 14:55:17 | OK      | Bot started (PID 15512)
